Archive member included to satisfy reference by file (symbol)

/home/juanmagil/MEGA/Facultad/ED3/ED_III/JUAN/CMSISv2p00_LPC17xx/Debug/libCMSISv2p00_LPC17xx.a(system_LPC17xx.o)
                              ./src/cr_startup_lpc175x_6x.o (SystemInit)
/usr/local/mcuxpressoide-11.4.0_6237/ide/plugins/com.nxp.mcuxpresso.tools.linux_11.4.0.202103011116/tools/bin/../lib/gcc/arm-none-eabi/10.2.1/../../../../arm-none-eabi/lib/thumb/v7-m/nofp/libcr_c.a(__weak__main.o)
                              ./src/cr_startup_lpc175x_6x.o (__main)
/usr/local/mcuxpressoide-11.4.0_6237/ide/plugins/com.nxp.mcuxpresso.tools.linux_11.4.0.202103011116/tools/bin/../lib/gcc/arm-none-eabi/10.2.1/thumb/v7-m/nofp/libcr_eabihelpers.a(division_64.o)
                              /home/juanmagil/MEGA/Facultad/ED3/ED_III/JUAN/CMSISv2p00_LPC17xx/Debug/libCMSISv2p00_LPC17xx.a(system_LPC17xx.o) (__aeabi_ldivmod)
/usr/local/mcuxpressoide-11.4.0_6237/ide/plugins/com.nxp.mcuxpresso.tools.linux_11.4.0.202103011116/tools/bin/../lib/gcc/arm-none-eabi/10.2.1/thumb/v7-m/nofp/libcr_eabihelpers.a(division_idiv0.o)
                              /usr/local/mcuxpressoide-11.4.0_6237/ide/plugins/com.nxp.mcuxpresso.tools.linux_11.4.0.202103011116/tools/bin/../lib/gcc/arm-none-eabi/10.2.1/thumb/v7-m/nofp/libcr_eabihelpers.a(division_64.o) (__aeabi_idiv0)
/usr/local/mcuxpressoide-11.4.0_6237/ide/plugins/com.nxp.mcuxpresso.tools.linux_11.4.0.202103011116/tools/bin/../lib/gcc/arm-none-eabi/10.2.1/thumb/v7-m/nofp/libcr_eabihelpers.a(double.o)
                              ./src/interrupcion_externa.o (__aeabi_dmul)

Discarded input sections

 .group         0x0000000000000000        0xc ./src/cr_startup_lpc175x_6x.o
 .text          0x0000000000000000        0x0 ./src/cr_startup_lpc175x_6x.o
 .data          0x0000000000000000        0x0 ./src/cr_startup_lpc175x_6x.o
 .bss           0x0000000000000000        0x0 ./src/cr_startup_lpc175x_6x.o
 .group         0x0000000000000000        0xc ./src/crp.o
 .group         0x0000000000000000        0xc ./src/crp.o
 .text          0x0000000000000000        0x0 ./src/crp.o
 .data          0x0000000000000000        0x0 ./src/crp.o
 .bss           0x0000000000000000        0x0 ./src/crp.o
 .debug_macro   0x0000000000000000      0xa7e ./src/crp.o
 .group         0x0000000000000000        0xc ./src/interrupcion_externa.o
 .group         0x0000000000000000        0xc ./src/interrupcion_externa.o
 .group         0x0000000000000000        0xc ./src/interrupcion_externa.o
 .group         0x0000000000000000        0xc ./src/interrupcion_externa.o
 .group         0x0000000000000000        0xc ./src/interrupcion_externa.o
 .group         0x0000000000000000        0xc ./src/interrupcion_externa.o
 .group         0x0000000000000000        0xc ./src/interrupcion_externa.o
 .group         0x0000000000000000        0xc ./src/interrupcion_externa.o
 .group         0x0000000000000000        0xc ./src/interrupcion_externa.o
 .text          0x0000000000000000        0x0 ./src/interrupcion_externa.o
 .data          0x0000000000000000        0x0 ./src/interrupcion_externa.o
 .bss           0x0000000000000000        0x0 ./src/interrupcion_externa.o
 .debug_macro   0x0000000000000000      0xa7e ./src/interrupcion_externa.o
 .group         0x0000000000000000        0xc /home/juanmagil/MEGA/Facultad/ED3/ED_III/JUAN/CMSISv2p00_LPC17xx/Debug/libCMSISv2p00_LPC17xx.a(system_LPC17xx.o)
 .group         0x0000000000000000        0xc /home/juanmagil/MEGA/Facultad/ED3/ED_III/JUAN/CMSISv2p00_LPC17xx/Debug/libCMSISv2p00_LPC17xx.a(system_LPC17xx.o)
 .group         0x0000000000000000        0xc /home/juanmagil/MEGA/Facultad/ED3/ED_III/JUAN/CMSISv2p00_LPC17xx/Debug/libCMSISv2p00_LPC17xx.a(system_LPC17xx.o)
 .group         0x0000000000000000        0xc /home/juanmagil/MEGA/Facultad/ED3/ED_III/JUAN/CMSISv2p00_LPC17xx/Debug/libCMSISv2p00_LPC17xx.a(system_LPC17xx.o)
 .group         0x0000000000000000        0xc /home/juanmagil/MEGA/Facultad/ED3/ED_III/JUAN/CMSISv2p00_LPC17xx/Debug/libCMSISv2p00_LPC17xx.a(system_LPC17xx.o)
 .group         0x0000000000000000        0xc /home/juanmagil/MEGA/Facultad/ED3/ED_III/JUAN/CMSISv2p00_LPC17xx/Debug/libCMSISv2p00_LPC17xx.a(system_LPC17xx.o)
 .group         0x0000000000000000        0xc /home/juanmagil/MEGA/Facultad/ED3/ED_III/JUAN/CMSISv2p00_LPC17xx/Debug/libCMSISv2p00_LPC17xx.a(system_LPC17xx.o)
 .group         0x0000000000000000        0xc /home/juanmagil/MEGA/Facultad/ED3/ED_III/JUAN/CMSISv2p00_LPC17xx/Debug/libCMSISv2p00_LPC17xx.a(system_LPC17xx.o)
 .group         0x0000000000000000        0xc /home/juanmagil/MEGA/Facultad/ED3/ED_III/JUAN/CMSISv2p00_LPC17xx/Debug/libCMSISv2p00_LPC17xx.a(system_LPC17xx.o)
 .text          0x0000000000000000        0x0 /home/juanmagil/MEGA/Facultad/ED3/ED_III/JUAN/CMSISv2p00_LPC17xx/Debug/libCMSISv2p00_LPC17xx.a(system_LPC17xx.o)
 .data          0x0000000000000000        0x0 /home/juanmagil/MEGA/Facultad/ED3/ED_III/JUAN/CMSISv2p00_LPC17xx/Debug/libCMSISv2p00_LPC17xx.a(system_LPC17xx.o)
 .bss           0x0000000000000000        0x0 /home/juanmagil/MEGA/Facultad/ED3/ED_III/JUAN/CMSISv2p00_LPC17xx/Debug/libCMSISv2p00_LPC17xx.a(system_LPC17xx.o)
 .text.SystemCoreClockUpdate
                0x0000000000000000       0xb8 /home/juanmagil/MEGA/Facultad/ED3/ED_III/JUAN/CMSISv2p00_LPC17xx/Debug/libCMSISv2p00_LPC17xx.a(system_LPC17xx.o)
 .debug_macro   0x0000000000000000       0x10 /home/juanmagil/MEGA/Facultad/ED3/ED_III/JUAN/CMSISv2p00_LPC17xx/Debug/libCMSISv2p00_LPC17xx.a(system_LPC17xx.o)
 .debug_macro   0x0000000000000000      0x12e /home/juanmagil/MEGA/Facultad/ED3/ED_III/JUAN/CMSISv2p00_LPC17xx/Debug/libCMSISv2p00_LPC17xx.a(system_LPC17xx.o)
 .debug_macro   0x0000000000000000      0x5b3 /home/juanmagil/MEGA/Facultad/ED3/ED_III/JUAN/CMSISv2p00_LPC17xx/Debug/libCMSISv2p00_LPC17xx.a(system_LPC17xx.o)
 .debug_macro   0x0000000000000000       0x1c /home/juanmagil/MEGA/Facultad/ED3/ED_III/JUAN/CMSISv2p00_LPC17xx/Debug/libCMSISv2p00_LPC17xx.a(system_LPC17xx.o)
 .debug_macro   0x0000000000000000       0x2e /home/juanmagil/MEGA/Facultad/ED3/ED_III/JUAN/CMSISv2p00_LPC17xx/Debug/libCMSISv2p00_LPC17xx.a(system_LPC17xx.o)
 .debug_macro   0x0000000000000000       0x18 /home/juanmagil/MEGA/Facultad/ED3/ED_III/JUAN/CMSISv2p00_LPC17xx/Debug/libCMSISv2p00_LPC17xx.a(system_LPC17xx.o)
 .debug_macro   0x0000000000000000      0x7af /home/juanmagil/MEGA/Facultad/ED3/ED_III/JUAN/CMSISv2p00_LPC17xx/Debug/libCMSISv2p00_LPC17xx.a(system_LPC17xx.o)
 .debug_macro   0x0000000000000000      0x2c7 /home/juanmagil/MEGA/Facultad/ED3/ED_III/JUAN/CMSISv2p00_LPC17xx/Debug/libCMSISv2p00_LPC17xx.a(system_LPC17xx.o)
 .text          0x0000000000000000        0x0 /usr/local/mcuxpressoide-11.4.0_6237/ide/plugins/com.nxp.mcuxpresso.tools.linux_11.4.0.202103011116/tools/bin/../lib/gcc/arm-none-eabi/10.2.1/../../../../arm-none-eabi/lib/thumb/v7-m/nofp/libcr_c.a(__weak__main.o)
 .data          0x0000000000000000        0x0 /usr/local/mcuxpressoide-11.4.0_6237/ide/plugins/com.nxp.mcuxpresso.tools.linux_11.4.0.202103011116/tools/bin/../lib/gcc/arm-none-eabi/10.2.1/../../../../arm-none-eabi/lib/thumb/v7-m/nofp/libcr_c.a(__weak__main.o)
 .bss           0x0000000000000000        0x0 /usr/local/mcuxpressoide-11.4.0_6237/ide/plugins/com.nxp.mcuxpresso.tools.linux_11.4.0.202103011116/tools/bin/../lib/gcc/arm-none-eabi/10.2.1/../../../../arm-none-eabi/lib/thumb/v7-m/nofp/libcr_c.a(__weak__main.o)
 .text          0x0000000000000000        0x0 /usr/local/mcuxpressoide-11.4.0_6237/ide/plugins/com.nxp.mcuxpresso.tools.linux_11.4.0.202103011116/tools/bin/../lib/gcc/arm-none-eabi/10.2.1/thumb/v7-m/nofp/libcr_eabihelpers.a(division_64.o)
 .data          0x0000000000000000        0x0 /usr/local/mcuxpressoide-11.4.0_6237/ide/plugins/com.nxp.mcuxpresso.tools.linux_11.4.0.202103011116/tools/bin/../lib/gcc/arm-none-eabi/10.2.1/thumb/v7-m/nofp/libcr_eabihelpers.a(division_64.o)
 .bss           0x0000000000000000        0x0 /usr/local/mcuxpressoide-11.4.0_6237/ide/plugins/com.nxp.mcuxpresso.tools.linux_11.4.0.202103011116/tools/bin/../lib/gcc/arm-none-eabi/10.2.1/thumb/v7-m/nofp/libcr_eabihelpers.a(division_64.o)
 .text.__aeabi_division_ldivmod
                0x0000000000000000       0x26 /usr/local/mcuxpressoide-11.4.0_6237/ide/plugins/com.nxp.mcuxpresso.tools.linux_11.4.0.202103011116/tools/bin/../lib/gcc/arm-none-eabi/10.2.1/thumb/v7-m/nofp/libcr_eabihelpers.a(division_64.o)
 .text.__aeabi_division_uldivmod
                0x0000000000000000      0x174 /usr/local/mcuxpressoide-11.4.0_6237/ide/plugins/com.nxp.mcuxpresso.tools.linux_11.4.0.202103011116/tools/bin/../lib/gcc/arm-none-eabi/10.2.1/thumb/v7-m/nofp/libcr_eabihelpers.a(division_64.o)
 .ARM.attributes
                0x0000000000000000       0x1b /usr/local/mcuxpressoide-11.4.0_6237/ide/plugins/com.nxp.mcuxpresso.tools.linux_11.4.0.202103011116/tools/bin/../lib/gcc/arm-none-eabi/10.2.1/thumb/v7-m/nofp/libcr_eabihelpers.a(division_64.o)
 .text          0x0000000000000000        0x0 /usr/local/mcuxpressoide-11.4.0_6237/ide/plugins/com.nxp.mcuxpresso.tools.linux_11.4.0.202103011116/tools/bin/../lib/gcc/arm-none-eabi/10.2.1/thumb/v7-m/nofp/libcr_eabihelpers.a(division_idiv0.o)
 .data          0x0000000000000000        0x0 /usr/local/mcuxpressoide-11.4.0_6237/ide/plugins/com.nxp.mcuxpresso.tools.linux_11.4.0.202103011116/tools/bin/../lib/gcc/arm-none-eabi/10.2.1/thumb/v7-m/nofp/libcr_eabihelpers.a(division_idiv0.o)
 .bss           0x0000000000000000        0x0 /usr/local/mcuxpressoide-11.4.0_6237/ide/plugins/com.nxp.mcuxpresso.tools.linux_11.4.0.202103011116/tools/bin/../lib/gcc/arm-none-eabi/10.2.1/thumb/v7-m/nofp/libcr_eabihelpers.a(division_idiv0.o)
 .text.__aeabi_division_idiv0
                0x0000000000000000        0x2 /usr/local/mcuxpressoide-11.4.0_6237/ide/plugins/com.nxp.mcuxpresso.tools.linux_11.4.0.202103011116/tools/bin/../lib/gcc/arm-none-eabi/10.2.1/thumb/v7-m/nofp/libcr_eabihelpers.a(division_idiv0.o)
 .ARM.attributes
                0x0000000000000000       0x1b /usr/local/mcuxpressoide-11.4.0_6237/ide/plugins/com.nxp.mcuxpresso.tools.linux_11.4.0.202103011116/tools/bin/../lib/gcc/arm-none-eabi/10.2.1/thumb/v7-m/nofp/libcr_eabihelpers.a(division_idiv0.o)
 .text          0x0000000000000000        0x0 /usr/local/mcuxpressoide-11.4.0_6237/ide/plugins/com.nxp.mcuxpresso.tools.linux_11.4.0.202103011116/tools/bin/../lib/gcc/arm-none-eabi/10.2.1/thumb/v7-m/nofp/libcr_eabihelpers.a(double.o)
 .data          0x0000000000000000        0x0 /usr/local/mcuxpressoide-11.4.0_6237/ide/plugins/com.nxp.mcuxpresso.tools.linux_11.4.0.202103011116/tools/bin/../lib/gcc/arm-none-eabi/10.2.1/thumb/v7-m/nofp/libcr_eabihelpers.a(double.o)
 .bss           0x0000000000000000        0x0 /usr/local/mcuxpressoide-11.4.0_6237/ide/plugins/com.nxp.mcuxpresso.tools.linux_11.4.0.202103011116/tools/bin/../lib/gcc/arm-none-eabi/10.2.1/thumb/v7-m/nofp/libcr_eabihelpers.a(double.o)
 .text.__aeabi_ddiv
                0x0000000000000000      0x134 /usr/local/mcuxpressoide-11.4.0_6237/ide/plugins/com.nxp.mcuxpresso.tools.linux_11.4.0.202103011116/tools/bin/../lib/gcc/arm-none-eabi/10.2.1/thumb/v7-m/nofp/libcr_eabihelpers.a(double.o)
 .text.__aeabi_dsub
                0x0000000000000000      0x1ac /usr/local/mcuxpressoide-11.4.0_6237/ide/plugins/com.nxp.mcuxpresso.tools.linux_11.4.0.202103011116/tools/bin/../lib/gcc/arm-none-eabi/10.2.1/thumb/v7-m/nofp/libcr_eabihelpers.a(double.o)
 .text.__aeabi_dadd
                0x0000000000000000      0x110 /usr/local/mcuxpressoide-11.4.0_6237/ide/plugins/com.nxp.mcuxpresso.tools.linux_11.4.0.202103011116/tools/bin/../lib/gcc/arm-none-eabi/10.2.1/thumb/v7-m/nofp/libcr_eabihelpers.a(double.o)
 .text.__aeabi_drsub
                0x0000000000000000       0x10 /usr/local/mcuxpressoide-11.4.0_6237/ide/plugins/com.nxp.mcuxpresso.tools.linux_11.4.0.202103011116/tools/bin/../lib/gcc/arm-none-eabi/10.2.1/thumb/v7-m/nofp/libcr_eabihelpers.a(double.o)
 .text.__aeabi_dneg
                0x0000000000000000        0x6 /usr/local/mcuxpressoide-11.4.0_6237/ide/plugins/com.nxp.mcuxpresso.tools.linux_11.4.0.202103011116/tools/bin/../lib/gcc/arm-none-eabi/10.2.1/thumb/v7-m/nofp/libcr_eabihelpers.a(double.o)
 .text.__aeabi_d2f
                0x0000000000000000       0x54 /usr/local/mcuxpressoide-11.4.0_6237/ide/plugins/com.nxp.mcuxpresso.tools.linux_11.4.0.202103011116/tools/bin/../lib/gcc/arm-none-eabi/10.2.1/thumb/v7-m/nofp/libcr_eabihelpers.a(double.o)
 .text.__aeabi_d2iz
                0x0000000000000000       0x42 /usr/local/mcuxpressoide-11.4.0_6237/ide/plugins/com.nxp.mcuxpresso.tools.linux_11.4.0.202103011116/tools/bin/../lib/gcc/arm-none-eabi/10.2.1/thumb/v7-m/nofp/libcr_eabihelpers.a(double.o)
 .text.__aeabi_d2lz
                0x0000000000000000       0x72 /usr/local/mcuxpressoide-11.4.0_6237/ide/plugins/com.nxp.mcuxpresso.tools.linux_11.4.0.202103011116/tools/bin/../lib/gcc/arm-none-eabi/10.2.1/thumb/v7-m/nofp/libcr_eabihelpers.a(double.o)
 .text.__aeabi_d2ulz
                0x0000000000000000       0x54 /usr/local/mcuxpressoide-11.4.0_6237/ide/plugins/com.nxp.mcuxpresso.tools.linux_11.4.0.202103011116/tools/bin/../lib/gcc/arm-none-eabi/10.2.1/thumb/v7-m/nofp/libcr_eabihelpers.a(double.o)
 .text.__bhs_ul2d
                0x0000000000000000       0x8a /usr/local/mcuxpressoide-11.4.0_6237/ide/plugins/com.nxp.mcuxpresso.tools.linux_11.4.0.202103011116/tools/bin/../lib/gcc/arm-none-eabi/10.2.1/thumb/v7-m/nofp/libcr_eabihelpers.a(double.o)
 .text.__aeabi_i2d
                0x0000000000000000       0x12 /usr/local/mcuxpressoide-11.4.0_6237/ide/plugins/com.nxp.mcuxpresso.tools.linux_11.4.0.202103011116/tools/bin/../lib/gcc/arm-none-eabi/10.2.1/thumb/v7-m/nofp/libcr_eabihelpers.a(double.o)
 .text.__aeabi_l2d
                0x0000000000000000       0x1c /usr/local/mcuxpressoide-11.4.0_6237/ide/plugins/com.nxp.mcuxpresso.tools.linux_11.4.0.202103011116/tools/bin/../lib/gcc/arm-none-eabi/10.2.1/thumb/v7-m/nofp/libcr_eabihelpers.a(double.o)
 .text.__aeabi_ul2d
                0x0000000000000000        0x8 /usr/local/mcuxpressoide-11.4.0_6237/ide/plugins/com.nxp.mcuxpresso.tools.linux_11.4.0.202103011116/tools/bin/../lib/gcc/arm-none-eabi/10.2.1/thumb/v7-m/nofp/libcr_eabihelpers.a(double.o)
 .text.__aeabi_dcmpeq
                0x0000000000000000       0x3c /usr/local/mcuxpressoide-11.4.0_6237/ide/plugins/com.nxp.mcuxpresso.tools.linux_11.4.0.202103011116/tools/bin/../lib/gcc/arm-none-eabi/10.2.1/thumb/v7-m/nofp/libcr_eabihelpers.a(double.o)
 .text.__aeabi_dcmplt
                0x0000000000000000       0x58 /usr/local/mcuxpressoide-11.4.0_6237/ide/plugins/com.nxp.mcuxpresso.tools.linux_11.4.0.202103011116/tools/bin/../lib/gcc/arm-none-eabi/10.2.1/thumb/v7-m/nofp/libcr_eabihelpers.a(double.o)
 .text.__aeabi_dcmpgt
                0x0000000000000000       0x58 /usr/local/mcuxpressoide-11.4.0_6237/ide/plugins/com.nxp.mcuxpresso.tools.linux_11.4.0.202103011116/tools/bin/../lib/gcc/arm-none-eabi/10.2.1/thumb/v7-m/nofp/libcr_eabihelpers.a(double.o)
 .text.__aeabi_dcmple
                0x0000000000000000       0x62 /usr/local/mcuxpressoide-11.4.0_6237/ide/plugins/com.nxp.mcuxpresso.tools.linux_11.4.0.202103011116/tools/bin/../lib/gcc/arm-none-eabi/10.2.1/thumb/v7-m/nofp/libcr_eabihelpers.a(double.o)
 .text.__aeabi_dcmpge
                0x0000000000000000       0x62 /usr/local/mcuxpressoide-11.4.0_6237/ide/plugins/com.nxp.mcuxpresso.tools.linux_11.4.0.202103011116/tools/bin/../lib/gcc/arm-none-eabi/10.2.1/thumb/v7-m/nofp/libcr_eabihelpers.a(double.o)
 .text.__aeabi_dcmpun
                0x0000000000000000       0x1a /usr/local/mcuxpressoide-11.4.0_6237/ide/plugins/com.nxp.mcuxpresso.tools.linux_11.4.0.202103011116/tools/bin/../lib/gcc/arm-none-eabi/10.2.1/thumb/v7-m/nofp/libcr_eabihelpers.a(double.o)
 .text.__aeabi_cdcmple
                0x0000000000000000       0x2c /usr/local/mcuxpressoide-11.4.0_6237/ide/plugins/com.nxp.mcuxpresso.tools.linux_11.4.0.202103011116/tools/bin/../lib/gcc/arm-none-eabi/10.2.1/thumb/v7-m/nofp/libcr_eabihelpers.a(double.o)
 .text.__aeabi_cdrcmple
                0x0000000000000000       0x14 /usr/local/mcuxpressoide-11.4.0_6237/ide/plugins/com.nxp.mcuxpresso.tools.linux_11.4.0.202103011116/tools/bin/../lib/gcc/arm-none-eabi/10.2.1/thumb/v7-m/nofp/libcr_eabihelpers.a(double.o)

Memory Configuration

Name             Origin             Length             Attributes
MFlash512        0x0000000000000000 0x0000000000080000 xr
RamLoc32         0x0000000010000000 0x0000000000008000 xrw
RamAHB32         0x000000002007c000 0x0000000000008000 xrw
*default*        0x0000000000000000 0xffffffffffffffff

Linker script and memory map

LOAD ./src/cr_startup_lpc175x_6x.o
LOAD ./src/crp.o
LOAD ./src/interrupcion_externa.o
LOAD /home/juanmagil/MEGA/Facultad/ED3/ED_III/JUAN/CMSISv2p00_LPC17xx/Debug/libCMSISv2p00_LPC17xx.a
START GROUP
LOAD /usr/local/mcuxpressoide-11.4.0_6237/ide/plugins/com.nxp.mcuxpresso.tools.linux_11.4.0.202103011116/tools/bin/../lib/gcc/arm-none-eabi/10.2.1/../../../../arm-none-eabi/lib/thumb/v7-m/nofp/libcr_c.a
LOAD /usr/local/mcuxpressoide-11.4.0_6237/ide/plugins/com.nxp.mcuxpresso.tools.linux_11.4.0.202103011116/tools/bin/../lib/gcc/arm-none-eabi/10.2.1/thumb/v7-m/nofp/libcr_eabihelpers.a
LOAD /usr/local/mcuxpressoide-11.4.0_6237/ide/plugins/com.nxp.mcuxpresso.tools.linux_11.4.0.202103011116/tools/bin/../lib/gcc/arm-none-eabi/10.2.1/thumb/v7-m/nofp/libgcc.a
END GROUP
                0x0000000000000000                __base_MFlash512 = 0x0
                0x0000000000000000                __base_Flash = 0x0
                0x0000000000080000                __top_MFlash512 = 0x80000
                0x0000000000080000                __top_Flash = 0x80000
                0x0000000010000000                __base_RamLoc32 = 0x10000000
                0x0000000010000000                __base_RAM = 0x10000000
                0x0000000010008000                __top_RamLoc32 = 0x10008000
                0x0000000010008000                __top_RAM = 0x10008000
                0x000000002007c000                __base_RamAHB32 = 0x2007c000
                0x000000002007c000                __base_RAM2 = 0x2007c000
                0x0000000020084000                __top_RamAHB32 = 0x20084000
                0x0000000020084000                __top_RAM2 = 0x20084000

.text           0x0000000000000000      0x72c
 FILL mask 0xff
                0x0000000000000000                __vectors_start__ = ABSOLUTE (.)
 *(.isr_vector)
 .isr_vector    0x0000000000000000       0xcc ./src/cr_startup_lpc175x_6x.o
                0x0000000000000000                g_pfnVectors
                0x00000000000000cc                . = ALIGN (0x4)
                0x00000000000000cc                __section_table_start = .
                0x00000000000000cc                __data_section_table = .
                0x00000000000000cc        0x4 LONG 0x72c LOADADDR (.data)
                0x00000000000000d0        0x4 LONG 0x10000000 ADDR (.data)
                0x00000000000000d4        0x4 LONG 0x4 SIZEOF (.data)
                0x00000000000000d8        0x4 LONG 0x72c LOADADDR (.data_RAM2)
                0x00000000000000dc        0x4 LONG 0x2007c000 ADDR (.data_RAM2)
                0x00000000000000e0        0x4 LONG 0x0 SIZEOF (.data_RAM2)
                0x00000000000000e4                __data_section_table_end = .
                0x00000000000000e4                __bss_section_table = .
                0x00000000000000e4        0x4 LONG 0x10000004 ADDR (.bss)
                0x00000000000000e8        0x4 LONG 0x0 SIZEOF (.bss)
                0x00000000000000ec        0x4 LONG 0x2007c000 ADDR (.bss_RAM2)
                0x00000000000000f0        0x4 LONG 0x0 SIZEOF (.bss_RAM2)
                0x00000000000000f4                __bss_section_table_end = .
                0x00000000000000f4                __section_table_end = .
 *(.after_vectors*)
 .after_vectors
                0x00000000000000f4      0x130 ./src/cr_startup_lpc175x_6x.o
                0x00000000000000f4                data_init
                0x0000000000000138                bss_init
                0x0000000000000170                ResetISR
                0x00000000000001e8                NMI_Handler
                0x00000000000001ee                HardFault_Handler
                0x00000000000001f4                MemManage_Handler
                0x00000000000001fa                BusFault_Handler
                0x0000000000000200                UsageFault_Handler
                0x0000000000000206                SVC_Handler
                0x000000000000020c                DebugMon_Handler
                0x0000000000000212                PendSV_Handler
                0x0000000000000218                SysTick_Handler
                0x000000000000021e                TIMER2_IRQHandler
                0x000000000000021e                RIT_IRQHandler
                0x000000000000021e                I2C0_IRQHandler
                0x000000000000021e                USBActivity_IRQHandler
                0x000000000000021e                PWM1_IRQHandler
                0x000000000000021e                I2C1_IRQHandler
                0x000000000000021e                UART1_IRQHandler
                0x000000000000021e                EINT3_IRQHandler
                0x000000000000021e                CANActivity_IRQHandler
                0x000000000000021e                TIMER3_IRQHandler
                0x000000000000021e                UART0_IRQHandler
                0x000000000000021e                IntDefaultHandler
                0x000000000000021e                PLL0_IRQHandler
                0x000000000000021e                CAN_IRQHandler
                0x000000000000021e                PLL1_IRQHandler
                0x000000000000021e                SSP0_IRQHandler
                0x000000000000021e                I2S_IRQHandler
                0x000000000000021e                I2C2_IRQHandler
                0x000000000000021e                RTC_IRQHandler
                0x000000000000021e                TIMER0_IRQHandler
                0x000000000000021e                SPI_IRQHandler
                0x000000000000021e                TIMER1_IRQHandler
                0x000000000000021e                UART2_IRQHandler
                0x000000000000021e                ADC_IRQHandler
                0x000000000000021e                SSP1_IRQHandler
                0x000000000000021e                USB_IRQHandler
                0x000000000000021e                BOD_IRQHandler
                0x000000000000021e                WDT_IRQHandler
                0x000000000000021e                QEI_IRQHandler
                0x000000000000021e                EINT0_IRQHandler
                0x000000000000021e                DMA_IRQHandler
                0x000000000000021e                UART3_IRQHandler
                0x000000000000021e                MCPWM_IRQHandler
                0x000000000000021e                ENET_IRQHandler
                0x00000000000002fc                . = 0x2fc
 *fill*         0x0000000000000224       0xd8 ff
                0x00000000000002fc                PROVIDE (__CRP_WORD_START__ = .)
 *(.crp)
 .crp           0x00000000000002fc        0x4 ./src/crp.o
                0x00000000000002fc                CRP_WORD
                0x0000000000000300                PROVIDE (__CRP_WORD_END__ = .)
                0x0000000000000001                ASSERT (! ((__CRP_WORD_START__ == __CRP_WORD_END__)), Linker CRP Enabled, but no CRP_WORD provided within application)
 *(.text*)
 .text.NVIC_EnableIRQ
                0x0000000000000300       0x30 ./src/interrupcion_externa.o
 .text.NVIC_SetPriority
                0x0000000000000330       0x54 ./src/interrupcion_externa.o
 .text.main     0x0000000000000384        0xe ./src/interrupcion_externa.o
                0x0000000000000384                main
 *fill*         0x0000000000000392        0x2 ff
 .text.confPin  0x0000000000000394       0x28 ./src/interrupcion_externa.o
                0x0000000000000394                confPin
 .text.confIntExt
                0x00000000000003bc       0x68 ./src/interrupcion_externa.o
                0x00000000000003bc                confIntExt
 *fill*         0x0000000000000424        0x4 ff
 .text.EINT1_IRQHandler
                0x0000000000000428       0x54 ./src/interrupcion_externa.o
                0x0000000000000428                EINT1_IRQHandler
 *fill*         0x000000000000047c        0x4 ff
 .text.EINT2_IRQHandler
                0x0000000000000480       0x54 ./src/interrupcion_externa.o
                0x0000000000000480                EINT2_IRQHandler
 .text.SystemInit
                0x00000000000004d4       0xd8 /home/juanmagil/MEGA/Facultad/ED3/ED_III/JUAN/CMSISv2p00_LPC17xx/Debug/libCMSISv2p00_LPC17xx.a(system_LPC17xx.o)
                0x00000000000004d4                SystemInit
 .text.__weak_main
                0x00000000000005ac        0x4 /usr/local/mcuxpressoide-11.4.0_6237/ide/plugins/com.nxp.mcuxpresso.tools.linux_11.4.0.202103011116/tools/bin/../lib/gcc/arm-none-eabi/10.2.1/../../../../arm-none-eabi/lib/thumb/v7-m/nofp/libcr_c.a(__weak__main.o)
                0x00000000000005ac                __main
                0x00000000000005ac                __weak_main
 .text.__aeabi_dmul
                0x00000000000005b0       0xfc /usr/local/mcuxpressoide-11.4.0_6237/ide/plugins/com.nxp.mcuxpresso.tools.linux_11.4.0.202103011116/tools/bin/../lib/gcc/arm-none-eabi/10.2.1/thumb/v7-m/nofp/libcr_eabihelpers.a(double.o)
                0x00000000000005b0                __aeabi_dmul
 .text.__aeabi_d2uiz
                0x00000000000006ac       0x32 /usr/local/mcuxpressoide-11.4.0_6237/ide/plugins/com.nxp.mcuxpresso.tools.linux_11.4.0.202103011116/tools/bin/../lib/gcc/arm-none-eabi/10.2.1/thumb/v7-m/nofp/libcr_eabihelpers.a(double.o)
                0x00000000000006ac                __aeabi_d2uiz
 .text.__bhs_ui2d
                0x00000000000006de       0x46 /usr/local/mcuxpressoide-11.4.0_6237/ide/plugins/com.nxp.mcuxpresso.tools.linux_11.4.0.202103011116/tools/bin/../lib/gcc/arm-none-eabi/10.2.1/thumb/v7-m/nofp/libcr_eabihelpers.a(double.o)
                0x00000000000006de                __bhs_ui2d
 .text.__aeabi_ui2d
                0x0000000000000724        0x8 /usr/local/mcuxpressoide-11.4.0_6237/ide/plugins/com.nxp.mcuxpresso.tools.linux_11.4.0.202103011116/tools/bin/../lib/gcc/arm-none-eabi/10.2.1/thumb/v7-m/nofp/libcr_eabihelpers.a(double.o)
                0x0000000000000724                __aeabi_ui2d
 *(.rodata .rodata.* .constdata .constdata.*)
                0x000000000000072c                . = ALIGN (0x4)

.glue_7         0x000000000000072c        0x0
 .glue_7        0x000000000000072c        0x0 linker stubs

.glue_7t        0x000000000000072c        0x0
 .glue_7t       0x000000000000072c        0x0 linker stubs

.vfp11_veneer   0x000000000000072c        0x0
 .vfp11_veneer  0x000000000000072c        0x0 linker stubs

.v4_bx          0x000000000000072c        0x0
 .v4_bx         0x000000000000072c        0x0 linker stubs

.iplt           0x000000000000072c        0x0
 .iplt          0x000000000000072c        0x0 ./src/cr_startup_lpc175x_6x.o

.rel.dyn        0x000000000000072c        0x0
 .rel.iplt      0x000000000000072c        0x0 ./src/cr_startup_lpc175x_6x.o

.ARM.extab
 *(.ARM.extab* .gnu.linkonce.armextab.*)

.ARM.exidx      0x000000000000072c        0x0
                0x000000000000072c                __exidx_start = .
 *(.ARM.exidx* .gnu.linkonce.armexidx.*)
                0x000000000000072c                __exidx_end = .
                0x000000000000072c                _etext = .

.data_RAM2      0x000000002007c000        0x0 load address 0x000000000000072c
 FILL mask 0xff
                [!provide]                        PROVIDE (__start_data_RAM2 = .)
                [!provide]                        PROVIDE (__start_data_RamAHB32 = .)
 *(.ramfunc.$RAM2)
 *(.ramfunc.$RamAHB32)
 *(.data.$RAM2)
 *(.data.$RamAHB32)
 *(.data.$RAM2.*)
 *(.data.$RamAHB32.*)
                0x000000002007c000                . = ALIGN (0x4)
                [!provide]                        PROVIDE (__end_data_RAM2 = .)
                [!provide]                        PROVIDE (__end_data_RamAHB32 = .)

.uninit_RESERVED
                0x0000000010000000        0x0
                0x0000000010000000                _start_uninit_RESERVED = .
 *(.bss.$RESERVED*)
                0x0000000010000000                . = ALIGN (0x4)
                0x0000000010000000                _end_uninit_RESERVED = .

.data           0x0000000010000000        0x4 load address 0x000000000000072c
 FILL mask 0xff
                0x0000000010000000                _data = .
                [!provide]                        PROVIDE (__start_data_RAM = .)
                [!provide]                        PROVIDE (__start_data_RamLoc32 = .)
 *(vtable)
 *(.ramfunc*)
 *(CodeQuickAccess)
 *(DataQuickAccess)
 *(RamFunction)
 *(.data*)
 .data.SystemCoreClock
                0x0000000010000000        0x4 /home/juanmagil/MEGA/Facultad/ED3/ED_III/JUAN/CMSISv2p00_LPC17xx/Debug/libCMSISv2p00_LPC17xx.a(system_LPC17xx.o)
                0x0000000010000000                SystemCoreClock
                0x0000000010000004                . = ALIGN (0x4)
                0x0000000010000004                _edata = .
                [!provide]                        PROVIDE (__end_data_RAM = .)
                [!provide]                        PROVIDE (__end_data_RamLoc32 = .)

.igot.plt       0x0000000010000004        0x0 load address 0x0000000000000730
 .igot.plt      0x0000000010000004        0x0 ./src/cr_startup_lpc175x_6x.o

.bss_RAM2       0x000000002007c000        0x0
                [!provide]                        PROVIDE (__start_bss_RAM2 = .)
                [!provide]                        PROVIDE (__start_bss_RamAHB32 = .)
 *(.bss.$RAM2)
 *(.bss.$RamAHB32)
 *(.bss.$RAM2.*)
 *(.bss.$RamAHB32.*)
                0x000000002007c000                . = ALIGN ((. != 0x0)?0x4:0x1)
                [!provide]                        PROVIDE (__end_bss_RAM2 = .)
                [!provide]                        PROVIDE (__end_bss_RamAHB32 = .)

.bss            0x0000000010000004        0x0
                0x0000000010000004                _bss = .
                [!provide]                        PROVIDE (__start_bss_RAM = .)
                [!provide]                        PROVIDE (__start_bss_RamLoc32 = .)
 *(.bss*)
 *(COMMON)
                0x0000000010000004                . = ALIGN (0x4)
                0x0000000010000004                _ebss = .
                [!provide]                        PROVIDE (__end_bss_RAM = .)
                [!provide]                        PROVIDE (__end_bss_RamLoc32 = .)
                [!provide]                        PROVIDE (end = .)

.noinit_RAM2    0x000000002007c000        0x0
                [!provide]                        PROVIDE (__start_noinit_RAM2 = .)
                [!provide]                        PROVIDE (__start_noinit_RamAHB32 = .)
 *(.noinit.$RAM2)
 *(.noinit.$RamAHB32)
 *(.noinit.$RAM2.*)
 *(.noinit.$RamAHB32.*)
                0x000000002007c000                . = ALIGN (0x4)
                [!provide]                        PROVIDE (__end_noinit_RAM2 = .)
                [!provide]                        PROVIDE (__end_noinit_RamAHB32 = .)

.noinit         0x0000000010000004        0x0
                0x0000000010000004                _noinit = .
                [!provide]                        PROVIDE (__start_noinit_RAM = .)
                [!provide]                        PROVIDE (__start_noinit_RamLoc32 = .)
 *(.noinit*)
                0x0000000010000004                . = ALIGN (0x4)
                0x0000000010000004                _end_noinit = .
                [!provide]                        PROVIDE (__end_noinit_RAM = .)
                [!provide]                        PROVIDE (__end_noinit_RamLoc32 = .)
                [!provide]                        PROVIDE (_pvHeapStart = DEFINED (__user_heap_base)?__user_heap_base:.)
                0x0000000010008000                PROVIDE (_vStackTop = DEFINED (__user_stack_top)?__user_stack_top:(__top_RamLoc32 - 0x0))
                0xffffffffefff74c6                PROVIDE (__valid_user_code_checksum = (0x0 - ((((((_vStackTop + (ResetISR + 0x1)) + (NMI_Handler + 0x1)) + (HardFault_Handler + 0x1)) + (DEFINED (MemManage_Handler)?MemManage_Handler:0x0 + 0x1)) + (DEFINED (BusFault_Handler)?BusFault_Handler:0x0 + 0x1)) + (DEFINED (UsageFault_Handler)?UsageFault_Handler:0x0 + 0x1))))
                0x0000000000000000                _image_start = LOADADDR (.text)
                0x0000000000000730                _image_end = (LOADADDR (.data) + SIZEOF (.data))
                0x0000000000000730                _image_size = (_image_end - _image_start)
OUTPUT(interrupcion_externa.axf elf32-littlearm)
LOAD linker stubs

.debug_info     0x0000000000000000      0xf6c
 .debug_info    0x0000000000000000      0x27f ./src/cr_startup_lpc175x_6x.o
 .debug_info    0x000000000000027f       0x40 ./src/crp.o
 .debug_info    0x00000000000002bf      0x966 ./src/interrupcion_externa.o
 .debug_info    0x0000000000000c25      0x347 /home/juanmagil/MEGA/Facultad/ED3/ED_III/JUAN/CMSISv2p00_LPC17xx/Debug/libCMSISv2p00_LPC17xx.a(system_LPC17xx.o)

.debug_abbrev   0x0000000000000000      0x427
 .debug_abbrev  0x0000000000000000      0x122 ./src/cr_startup_lpc175x_6x.o
 .debug_abbrev  0x0000000000000122       0x38 ./src/crp.o
 .debug_abbrev  0x000000000000015a      0x1bf ./src/interrupcion_externa.o
 .debug_abbrev  0x0000000000000319      0x10e /home/juanmagil/MEGA/Facultad/ED3/ED_III/JUAN/CMSISv2p00_LPC17xx/Debug/libCMSISv2p00_LPC17xx.a(system_LPC17xx.o)

.debug_aranges  0x0000000000000000      0x110
 .debug_aranges
                0x0000000000000000       0x80 ./src/cr_startup_lpc175x_6x.o
 .debug_aranges
                0x0000000000000080       0x18 ./src/crp.o
 .debug_aranges
                0x0000000000000098       0x50 ./src/interrupcion_externa.o
 .debug_aranges
                0x00000000000000e8       0x28 /home/juanmagil/MEGA/Facultad/ED3/ED_III/JUAN/CMSISv2p00_LPC17xx/Debug/libCMSISv2p00_LPC17xx.a(system_LPC17xx.o)

.debug_ranges   0x0000000000000000       0xc8
 .debug_ranges  0x0000000000000000       0x70 ./src/cr_startup_lpc175x_6x.o
 .debug_ranges  0x0000000000000070       0x40 ./src/interrupcion_externa.o
 .debug_ranges  0x00000000000000b0       0x18 /home/juanmagil/MEGA/Facultad/ED3/ED_III/JUAN/CMSISv2p00_LPC17xx/Debug/libCMSISv2p00_LPC17xx.a(system_LPC17xx.o)

.debug_macro    0x0000000000000000     0x28ca
 .debug_macro   0x0000000000000000       0x1d ./src/cr_startup_lpc175x_6x.o
 .debug_macro   0x000000000000001d      0xa7e ./src/cr_startup_lpc175x_6x.o
 .debug_macro   0x0000000000000a9b       0x1a ./src/crp.o
 .debug_macro   0x0000000000000ab5       0x34 ./src/crp.o
 .debug_macro   0x0000000000000ae9       0x75 ./src/interrupcion_externa.o
 .debug_macro   0x0000000000000b5e       0x1c ./src/interrupcion_externa.o
 .debug_macro   0x0000000000000b7a       0x2e ./src/interrupcion_externa.o
 .debug_macro   0x0000000000000ba8       0x10 ./src/interrupcion_externa.o
 .debug_macro   0x0000000000000bb8      0x12e ./src/interrupcion_externa.o
 .debug_macro   0x0000000000000ce6      0x5b3 ./src/interrupcion_externa.o
 .debug_macro   0x0000000000001299       0x18 ./src/interrupcion_externa.o
 .debug_macro   0x00000000000012b1      0x7af ./src/interrupcion_externa.o
 .debug_macro   0x0000000000001a60      0x2c7 ./src/interrupcion_externa.o
 .debug_macro   0x0000000000001d27      0x12b /home/juanmagil/MEGA/Facultad/ED3/ED_III/JUAN/CMSISv2p00_LPC17xx/Debug/libCMSISv2p00_LPC17xx.a(system_LPC17xx.o)
 .debug_macro   0x0000000000001e52      0xa78 /home/juanmagil/MEGA/Facultad/ED3/ED_III/JUAN/CMSISv2p00_LPC17xx/Debug/libCMSISv2p00_LPC17xx.a(system_LPC17xx.o)

.debug_line     0x0000000000000000      0x96a
 .debug_line    0x0000000000000000      0x160 ./src/cr_startup_lpc175x_6x.o
 .debug_line    0x0000000000000160       0xb5 ./src/crp.o
 .debug_line    0x0000000000000215      0x319 ./src/interrupcion_externa.o
 .debug_line    0x000000000000052e      0x43c /home/juanmagil/MEGA/Facultad/ED3/ED_III/JUAN/CMSISv2p00_LPC17xx/Debug/libCMSISv2p00_LPC17xx.a(system_LPC17xx.o)

.debug_str      0x0000000000000000     0x906d
 .debug_str     0x0000000000000000     0x2eb5 ./src/cr_startup_lpc175x_6x.o
                                       0x2ec8 (size before relaxing)
 .debug_str     0x0000000000002eb5       0xe9 ./src/crp.o
                                       0x2de9 (size before relaxing)
 .debug_str     0x0000000000002f9e     0x5caa ./src/interrupcion_externa.o
                                       0x8a1b (size before relaxing)
 .debug_str     0x0000000000008c48      0x425 /home/juanmagil/MEGA/Facultad/ED3/ED_III/JUAN/CMSISv2p00_LPC17xx/Debug/libCMSISv2p00_LPC17xx.a(system_LPC17xx.o)
                                       0x88ad (size before relaxing)

.comment        0x0000000000000000       0x4d
 .comment       0x0000000000000000       0x4d ./src/cr_startup_lpc175x_6x.o
                                         0x4e (size before relaxing)
 .comment       0x000000000000004d       0x4e ./src/crp.o
 .comment       0x000000000000004d       0x4e ./src/interrupcion_externa.o
 .comment       0x000000000000004d       0x4e /home/juanmagil/MEGA/Facultad/ED3/ED_III/JUAN/CMSISv2p00_LPC17xx/Debug/libCMSISv2p00_LPC17xx.a(system_LPC17xx.o)
 .comment       0x000000000000004d       0x4e /usr/local/mcuxpressoide-11.4.0_6237/ide/plugins/com.nxp.mcuxpresso.tools.linux_11.4.0.202103011116/tools/bin/../lib/gcc/arm-none-eabi/10.2.1/../../../../arm-none-eabi/lib/thumb/v7-m/nofp/libcr_c.a(__weak__main.o)
 .comment       0x000000000000004d       0x4e /usr/local/mcuxpressoide-11.4.0_6237/ide/plugins/com.nxp.mcuxpresso.tools.linux_11.4.0.202103011116/tools/bin/../lib/gcc/arm-none-eabi/10.2.1/thumb/v7-m/nofp/libcr_eabihelpers.a(double.o)

.ARM.attributes
                0x0000000000000000       0x2b
 .ARM.attributes
                0x0000000000000000       0x2d ./src/cr_startup_lpc175x_6x.o
 .ARM.attributes
                0x000000000000002d       0x33 ./src/crp.o
 .ARM.attributes
                0x0000000000000060       0x2d ./src/interrupcion_externa.o
 .ARM.attributes
                0x000000000000008d       0x2d /home/juanmagil/MEGA/Facultad/ED3/ED_III/JUAN/CMSISv2p00_LPC17xx/Debug/libCMSISv2p00_LPC17xx.a(system_LPC17xx.o)
 .ARM.attributes
                0x00000000000000ba       0x2d /usr/local/mcuxpressoide-11.4.0_6237/ide/plugins/com.nxp.mcuxpresso.tools.linux_11.4.0.202103011116/tools/bin/../lib/gcc/arm-none-eabi/10.2.1/../../../../arm-none-eabi/lib/thumb/v7-m/nofp/libcr_c.a(__weak__main.o)
 .ARM.attributes
                0x00000000000000e7       0x2d /usr/local/mcuxpressoide-11.4.0_6237/ide/plugins/com.nxp.mcuxpresso.tools.linux_11.4.0.202103011116/tools/bin/../lib/gcc/arm-none-eabi/10.2.1/thumb/v7-m/nofp/libcr_eabihelpers.a(double.o)

.debug_frame    0x0000000000000000      0x2a4
 .debug_frame   0x0000000000000000      0x170 ./src/cr_startup_lpc175x_6x.o
 .debug_frame   0x0000000000000170       0xf8 ./src/interrupcion_externa.o
 .debug_frame   0x0000000000000268       0x3c /home/juanmagil/MEGA/Facultad/ED3/ED_III/JUAN/CMSISv2p00_LPC17xx/Debug/libCMSISv2p00_LPC17xx.a(system_LPC17xx.o)

Cross Reference Table

Symbol                                            File
ADC_IRQHandler                                    ./src/cr_startup_lpc175x_6x.o
BOD_IRQHandler                                    ./src/cr_startup_lpc175x_6x.o
BusFault_Handler                                  ./src/cr_startup_lpc175x_6x.o
CANActivity_IRQHandler                            ./src/cr_startup_lpc175x_6x.o
CAN_IRQHandler                                    ./src/cr_startup_lpc175x_6x.o
CRP_WORD                                          ./src/crp.o
DMA_IRQHandler                                    ./src/cr_startup_lpc175x_6x.o
DebugMon_Handler                                  ./src/cr_startup_lpc175x_6x.o
EINT0_IRQHandler                                  ./src/cr_startup_lpc175x_6x.o
EINT1_IRQHandler                                  ./src/interrupcion_externa.o
                                                  ./src/cr_startup_lpc175x_6x.o
EINT2_IRQHandler                                  ./src/interrupcion_externa.o
                                                  ./src/cr_startup_lpc175x_6x.o
EINT3_IRQHandler                                  ./src/cr_startup_lpc175x_6x.o
ENET_IRQHandler                                   ./src/cr_startup_lpc175x_6x.o
HardFault_Handler                                 ./src/cr_startup_lpc175x_6x.o
I2C0_IRQHandler                                   ./src/cr_startup_lpc175x_6x.o
I2C1_IRQHandler                                   ./src/cr_startup_lpc175x_6x.o
I2C2_IRQHandler                                   ./src/cr_startup_lpc175x_6x.o
I2S_IRQHandler                                    ./src/cr_startup_lpc175x_6x.o
IntDefaultHandler                                 ./src/cr_startup_lpc175x_6x.o
MCPWM_IRQHandler                                  ./src/cr_startup_lpc175x_6x.o
MemManage_Handler                                 ./src/cr_startup_lpc175x_6x.o
NMI_Handler                                       ./src/cr_startup_lpc175x_6x.o
PLL0_IRQHandler                                   ./src/cr_startup_lpc175x_6x.o
PLL1_IRQHandler                                   ./src/cr_startup_lpc175x_6x.o
PWM1_IRQHandler                                   ./src/cr_startup_lpc175x_6x.o
PendSV_Handler                                    ./src/cr_startup_lpc175x_6x.o
QEI_IRQHandler                                    ./src/cr_startup_lpc175x_6x.o
RIT_IRQHandler                                    ./src/cr_startup_lpc175x_6x.o
RTC_IRQHandler                                    ./src/cr_startup_lpc175x_6x.o
ResetISR                                          ./src/cr_startup_lpc175x_6x.o
SPI_IRQHandler                                    ./src/cr_startup_lpc175x_6x.o
SSP0_IRQHandler                                   ./src/cr_startup_lpc175x_6x.o
SSP1_IRQHandler                                   ./src/cr_startup_lpc175x_6x.o
SVC_Handler                                       ./src/cr_startup_lpc175x_6x.o
SysTick_Handler                                   ./src/cr_startup_lpc175x_6x.o
SystemCoreClock                                   /home/juanmagil/MEGA/Facultad/ED3/ED_III/JUAN/CMSISv2p00_LPC17xx/Debug/libCMSISv2p00_LPC17xx.a(system_LPC17xx.o)
                                                  ./src/interrupcion_externa.o
SystemCoreClockUpdate                             /home/juanmagil/MEGA/Facultad/ED3/ED_III/JUAN/CMSISv2p00_LPC17xx/Debug/libCMSISv2p00_LPC17xx.a(system_LPC17xx.o)
SystemInit                                        /home/juanmagil/MEGA/Facultad/ED3/ED_III/JUAN/CMSISv2p00_LPC17xx/Debug/libCMSISv2p00_LPC17xx.a(system_LPC17xx.o)
                                                  ./src/cr_startup_lpc175x_6x.o
TIMER0_IRQHandler                                 ./src/cr_startup_lpc175x_6x.o
TIMER1_IRQHandler                                 ./src/cr_startup_lpc175x_6x.o
TIMER2_IRQHandler                                 ./src/cr_startup_lpc175x_6x.o
TIMER3_IRQHandler                                 ./src/cr_startup_lpc175x_6x.o
UART0_IRQHandler                                  ./src/cr_startup_lpc175x_6x.o
UART1_IRQHandler                                  ./src/cr_startup_lpc175x_6x.o
UART2_IRQHandler                                  ./src/cr_startup_lpc175x_6x.o
UART3_IRQHandler                                  ./src/cr_startup_lpc175x_6x.o
USBActivity_IRQHandler                            ./src/cr_startup_lpc175x_6x.o
USB_IRQHandler                                    ./src/cr_startup_lpc175x_6x.o
UsageFault_Handler                                ./src/cr_startup_lpc175x_6x.o
WDT_IRQHandler                                    ./src/cr_startup_lpc175x_6x.o
__aeabi_cdcmpeq                                   /usr/local/mcuxpressoide-11.4.0_6237/ide/plugins/com.nxp.mcuxpresso.tools.linux_11.4.0.202103011116/tools/bin/../lib/gcc/arm-none-eabi/10.2.1/thumb/v7-m/nofp/libcr_eabihelpers.a(double.o)
__aeabi_cdcmple                                   /usr/local/mcuxpressoide-11.4.0_6237/ide/plugins/com.nxp.mcuxpresso.tools.linux_11.4.0.202103011116/tools/bin/../lib/gcc/arm-none-eabi/10.2.1/thumb/v7-m/nofp/libcr_eabihelpers.a(double.o)
__aeabi_cdrcmple                                  /usr/local/mcuxpressoide-11.4.0_6237/ide/plugins/com.nxp.mcuxpresso.tools.linux_11.4.0.202103011116/tools/bin/../lib/gcc/arm-none-eabi/10.2.1/thumb/v7-m/nofp/libcr_eabihelpers.a(double.o)
__aeabi_d2f                                       /usr/local/mcuxpressoide-11.4.0_6237/ide/plugins/com.nxp.mcuxpresso.tools.linux_11.4.0.202103011116/tools/bin/../lib/gcc/arm-none-eabi/10.2.1/thumb/v7-m/nofp/libcr_eabihelpers.a(double.o)
__aeabi_d2iz                                      /usr/local/mcuxpressoide-11.4.0_6237/ide/plugins/com.nxp.mcuxpresso.tools.linux_11.4.0.202103011116/tools/bin/../lib/gcc/arm-none-eabi/10.2.1/thumb/v7-m/nofp/libcr_eabihelpers.a(double.o)
__aeabi_d2lz                                      /usr/local/mcuxpressoide-11.4.0_6237/ide/plugins/com.nxp.mcuxpresso.tools.linux_11.4.0.202103011116/tools/bin/../lib/gcc/arm-none-eabi/10.2.1/thumb/v7-m/nofp/libcr_eabihelpers.a(double.o)
__aeabi_d2uiz                                     /usr/local/mcuxpressoide-11.4.0_6237/ide/plugins/com.nxp.mcuxpresso.tools.linux_11.4.0.202103011116/tools/bin/../lib/gcc/arm-none-eabi/10.2.1/thumb/v7-m/nofp/libcr_eabihelpers.a(double.o)
                                                  ./src/interrupcion_externa.o
__aeabi_d2ulz                                     /usr/local/mcuxpressoide-11.4.0_6237/ide/plugins/com.nxp.mcuxpresso.tools.linux_11.4.0.202103011116/tools/bin/../lib/gcc/arm-none-eabi/10.2.1/thumb/v7-m/nofp/libcr_eabihelpers.a(double.o)
__aeabi_dadd                                      /usr/local/mcuxpressoide-11.4.0_6237/ide/plugins/com.nxp.mcuxpresso.tools.linux_11.4.0.202103011116/tools/bin/../lib/gcc/arm-none-eabi/10.2.1/thumb/v7-m/nofp/libcr_eabihelpers.a(double.o)
__aeabi_dcmpeq                                    /usr/local/mcuxpressoide-11.4.0_6237/ide/plugins/com.nxp.mcuxpresso.tools.linux_11.4.0.202103011116/tools/bin/../lib/gcc/arm-none-eabi/10.2.1/thumb/v7-m/nofp/libcr_eabihelpers.a(double.o)
__aeabi_dcmpge                                    /usr/local/mcuxpressoide-11.4.0_6237/ide/plugins/com.nxp.mcuxpresso.tools.linux_11.4.0.202103011116/tools/bin/../lib/gcc/arm-none-eabi/10.2.1/thumb/v7-m/nofp/libcr_eabihelpers.a(double.o)
__aeabi_dcmpgt                                    /usr/local/mcuxpressoide-11.4.0_6237/ide/plugins/com.nxp.mcuxpresso.tools.linux_11.4.0.202103011116/tools/bin/../lib/gcc/arm-none-eabi/10.2.1/thumb/v7-m/nofp/libcr_eabihelpers.a(double.o)
__aeabi_dcmple                                    /usr/local/mcuxpressoide-11.4.0_6237/ide/plugins/com.nxp.mcuxpresso.tools.linux_11.4.0.202103011116/tools/bin/../lib/gcc/arm-none-eabi/10.2.1/thumb/v7-m/nofp/libcr_eabihelpers.a(double.o)
__aeabi_dcmplt                                    /usr/local/mcuxpressoide-11.4.0_6237/ide/plugins/com.nxp.mcuxpresso.tools.linux_11.4.0.202103011116/tools/bin/../lib/gcc/arm-none-eabi/10.2.1/thumb/v7-m/nofp/libcr_eabihelpers.a(double.o)
__aeabi_dcmpun                                    /usr/local/mcuxpressoide-11.4.0_6237/ide/plugins/com.nxp.mcuxpresso.tools.linux_11.4.0.202103011116/tools/bin/../lib/gcc/arm-none-eabi/10.2.1/thumb/v7-m/nofp/libcr_eabihelpers.a(double.o)
__aeabi_ddiv                                      /usr/local/mcuxpressoide-11.4.0_6237/ide/plugins/com.nxp.mcuxpresso.tools.linux_11.4.0.202103011116/tools/bin/../lib/gcc/arm-none-eabi/10.2.1/thumb/v7-m/nofp/libcr_eabihelpers.a(double.o)
__aeabi_dmul                                      /usr/local/mcuxpressoide-11.4.0_6237/ide/plugins/com.nxp.mcuxpresso.tools.linux_11.4.0.202103011116/tools/bin/../lib/gcc/arm-none-eabi/10.2.1/thumb/v7-m/nofp/libcr_eabihelpers.a(double.o)
                                                  ./src/interrupcion_externa.o
__aeabi_dneg                                      /usr/local/mcuxpressoide-11.4.0_6237/ide/plugins/com.nxp.mcuxpresso.tools.linux_11.4.0.202103011116/tools/bin/../lib/gcc/arm-none-eabi/10.2.1/thumb/v7-m/nofp/libcr_eabihelpers.a(double.o)
__aeabi_drsub                                     /usr/local/mcuxpressoide-11.4.0_6237/ide/plugins/com.nxp.mcuxpresso.tools.linux_11.4.0.202103011116/tools/bin/../lib/gcc/arm-none-eabi/10.2.1/thumb/v7-m/nofp/libcr_eabihelpers.a(double.o)
__aeabi_dsub                                      /usr/local/mcuxpressoide-11.4.0_6237/ide/plugins/com.nxp.mcuxpresso.tools.linux_11.4.0.202103011116/tools/bin/../lib/gcc/arm-none-eabi/10.2.1/thumb/v7-m/nofp/libcr_eabihelpers.a(double.o)
__aeabi_i2d                                       /usr/local/mcuxpressoide-11.4.0_6237/ide/plugins/com.nxp.mcuxpresso.tools.linux_11.4.0.202103011116/tools/bin/../lib/gcc/arm-none-eabi/10.2.1/thumb/v7-m/nofp/libcr_eabihelpers.a(double.o)
__aeabi_idiv0                                     /usr/local/mcuxpressoide-11.4.0_6237/ide/plugins/com.nxp.mcuxpresso.tools.linux_11.4.0.202103011116/tools/bin/../lib/gcc/arm-none-eabi/10.2.1/thumb/v7-m/nofp/libcr_eabihelpers.a(division_idiv0.o)
                                                  /usr/local/mcuxpressoide-11.4.0_6237/ide/plugins/com.nxp.mcuxpresso.tools.linux_11.4.0.202103011116/tools/bin/../lib/gcc/arm-none-eabi/10.2.1/thumb/v7-m/nofp/libcr_eabihelpers.a(division_64.o)
__aeabi_l2d                                       /usr/local/mcuxpressoide-11.4.0_6237/ide/plugins/com.nxp.mcuxpresso.tools.linux_11.4.0.202103011116/tools/bin/../lib/gcc/arm-none-eabi/10.2.1/thumb/v7-m/nofp/libcr_eabihelpers.a(double.o)
__aeabi_ldivmod                                   /usr/local/mcuxpressoide-11.4.0_6237/ide/plugins/com.nxp.mcuxpresso.tools.linux_11.4.0.202103011116/tools/bin/../lib/gcc/arm-none-eabi/10.2.1/thumb/v7-m/nofp/libcr_eabihelpers.a(division_64.o)
                                                  /home/juanmagil/MEGA/Facultad/ED3/ED_III/JUAN/CMSISv2p00_LPC17xx/Debug/libCMSISv2p00_LPC17xx.a(system_LPC17xx.o)
__aeabi_ui2d                                      /usr/local/mcuxpressoide-11.4.0_6237/ide/plugins/com.nxp.mcuxpresso.tools.linux_11.4.0.202103011116/tools/bin/../lib/gcc/arm-none-eabi/10.2.1/thumb/v7-m/nofp/libcr_eabihelpers.a(double.o)
                                                  ./src/interrupcion_externa.o
__aeabi_ul2d                                      /usr/local/mcuxpressoide-11.4.0_6237/ide/plugins/com.nxp.mcuxpresso.tools.linux_11.4.0.202103011116/tools/bin/../lib/gcc/arm-none-eabi/10.2.1/thumb/v7-m/nofp/libcr_eabihelpers.a(double.o)
__aeabi_uldivmod                                  /usr/local/mcuxpressoide-11.4.0_6237/ide/plugins/com.nxp.mcuxpresso.tools.linux_11.4.0.202103011116/tools/bin/../lib/gcc/arm-none-eabi/10.2.1/thumb/v7-m/nofp/libcr_eabihelpers.a(division_64.o)
                                                  /home/juanmagil/MEGA/Facultad/ED3/ED_III/JUAN/CMSISv2p00_LPC17xx/Debug/libCMSISv2p00_LPC17xx.a(system_LPC17xx.o)
__bhs_ldivmod1                                    /usr/local/mcuxpressoide-11.4.0_6237/ide/plugins/com.nxp.mcuxpresso.tools.linux_11.4.0.202103011116/tools/bin/../lib/gcc/arm-none-eabi/10.2.1/thumb/v7-m/nofp/libcr_eabihelpers.a(division_64.o)
__bhs_ui2d                                        /usr/local/mcuxpressoide-11.4.0_6237/ide/plugins/com.nxp.mcuxpresso.tools.linux_11.4.0.202103011116/tools/bin/../lib/gcc/arm-none-eabi/10.2.1/thumb/v7-m/nofp/libcr_eabihelpers.a(double.o)
__bhs_ul2d                                        /usr/local/mcuxpressoide-11.4.0_6237/ide/plugins/com.nxp.mcuxpresso.tools.linux_11.4.0.202103011116/tools/bin/../lib/gcc/arm-none-eabi/10.2.1/thumb/v7-m/nofp/libcr_eabihelpers.a(double.o)
__bss_section_table_end                           ./src/cr_startup_lpc175x_6x.o
__data_section_table                              ./src/cr_startup_lpc175x_6x.o
__data_section_table_end                          ./src/cr_startup_lpc175x_6x.o
__main                                            /usr/local/mcuxpressoide-11.4.0_6237/ide/plugins/com.nxp.mcuxpresso.tools.linux_11.4.0.202103011116/tools/bin/../lib/gcc/arm-none-eabi/10.2.1/../../../../arm-none-eabi/lib/thumb/v7-m/nofp/libcr_c.a(__weak__main.o)
                                                  ./src/cr_startup_lpc175x_6x.o
__valid_user_code_checksum                        ./src/cr_startup_lpc175x_6x.o
__weak_main                                       /usr/local/mcuxpressoide-11.4.0_6237/ide/plugins/com.nxp.mcuxpresso.tools.linux_11.4.0.202103011116/tools/bin/../lib/gcc/arm-none-eabi/10.2.1/../../../../arm-none-eabi/lib/thumb/v7-m/nofp/libcr_c.a(__weak__main.o)
_vStackTop                                        ./src/cr_startup_lpc175x_6x.o
bss_init                                          ./src/cr_startup_lpc175x_6x.o
confIntExt                                        ./src/interrupcion_externa.o
confPin                                           ./src/interrupcion_externa.o
data_init                                         ./src/cr_startup_lpc175x_6x.o
g_pfnVectors                                      ./src/cr_startup_lpc175x_6x.o
main                                              ./src/interrupcion_externa.o
                                                  /usr/local/mcuxpressoide-11.4.0_6237/ide/plugins/com.nxp.mcuxpresso.tools.linux_11.4.0.202103011116/tools/bin/../lib/gcc/arm-none-eabi/10.2.1/../../../../arm-none-eabi/lib/thumb/v7-m/nofp/libcr_c.a(__weak__main.o)
